// Jest Snapshot v1, https://goo.gl/fbAQLP

exports[`<RegisterForm /> renders correctly 1`] = `
<RegisterForm
  dispatch={[Function]}
>
  <Form(t)
    className="Form Form__centered"
    onSubmit={[Function]}
  >
    <t
      className="Form Form__centered"
      getValues={[Function]}
      hideError={[Function]}
      onSubmit={[Function]}
      showError={[Function]}
      validate={[Function]}
      validateAll={[Function]}
    >
      <form
        className="Form Form__centered"
        onSubmit={[Function]}
      >
        <div
          className="Form__title"
        >
          Register
        </div>
        <div
          className="Form__input"
        >
          <label
            className="Form__input__label"
          >
            Username:
            <Control(s)
              className="form-control"
              data-cy="register-username-input"
              name="username"
              onChange={[Function]}
              type="text"
              validations={Array []}
              value=""
            >
              <s
                className="form-control"
                data-cy="register-username-input"
                name="username"
                onBlur={[Function]}
                onChange={[Function]}
                type="text"
                value=""
              >
                <div>
                  <input
                    className="form-control"
                    data-cy="register-username-input"
                    name="username"
                    onBlur={[Function]}
                    onChange={[Function]}
                    type="text"
                    value=""
                  />
                </div>
              </s>
            </Control(s)>
          </label>
        </div>
        <div
          className="Form__input"
        >
          <label
            className="Form__input__label"
          >
            Email:
            <Control(s)
              className="form-control"
              data-cy="register-email-input"
              name="email"
              onChange={[Function]}
              type="text"
              validations={Array []}
              value=""
            >
              <s
                className="form-control"
                data-cy="register-email-input"
                name="email"
                onBlur={[Function]}
                onChange={[Function]}
                type="text"
                value=""
              >
                <div>
                  <input
                    className="form-control"
                    data-cy="register-email-input"
                    name="email"
                    onBlur={[Function]}
                    onChange={[Function]}
                    type="text"
                    value=""
                  />
                </div>
              </s>
            </Control(s)>
          </label>
        </div>
        <div
          className="Form__input"
        >
          <label
            className="Form__input__label"
          >
            Password:
            <Control(s)
              className="form-control"
              data-cy="register-password-input"
              name="password"
              onChange={[Function]}
              type="password"
              validations={Array []}
              value=""
            >
              <s
                className="form-control"
                data-cy="register-password-input"
                name="password"
                onBlur={[Function]}
                onChange={[Function]}
                type="password"
                value=""
              >
                <div>
                  <input
                    className="form-control"
                    data-cy="register-password-input"
                    name="password"
                    onBlur={[Function]}
                    onChange={[Function]}
                    type="password"
                    value=""
                  />
                </div>
              </s>
            </Control(s)>
          </label>
        </div>
        <div
          className="Form__input"
        >
          <label
            className="Form__input__label"
          >
            Confirm Password:
            <Control(s)
              className="form-control"
              data-cy="register-password-repeat-input"
              name="passwordConfirm"
              onChange={[Function]}
              type="password"
              validations={Array []}
              value=""
            >
              <s
                className="form-control"
                data-cy="register-password-repeat-input"
                name="passwordConfirm"
                onBlur={[Function]}
                onChange={[Function]}
                type="password"
                value=""
              >
                <div>
                  <input
                    className="form-control"
                    data-cy="register-password-repeat-input"
                    name="passwordConfirm"
                    onBlur={[Function]}
                    onChange={[Function]}
                    type="password"
                    value=""
                  />
                </div>
              </s>
            </Control(s)>
          </label>
        </div>
        <div
          className="Form__buttons"
        >
          <Button(s)
            className="Form__buttons__item Form__buttons__item__blue"
            data-cy="register-submit-button"
          >
            <s
              className="Form__buttons__item Form__buttons__item__blue"
              data-cy="register-submit-button"
              hasErrors={false}
            >
              <button
                className="Form__buttons__item Form__buttons__item__blue"
                data-cy="register-submit-button"
                disabled={false}
              >
                Register
              </button>
            </s>
          </Button(s)>
          <Link
            className="Form__buttons__item Form__buttons__item__gray"
            replace={false}
            to="/"
          >
            <a
              className="Form__buttons__item Form__buttons__item__gray"
              href="/"
              onClick={[Function]}
            >
              Cancel
            </a>
          </Link>
        </div>
      </form>
    </t>
  </Form(t)>
</RegisterForm>
`;
