// Jest Snapshot v1, https://goo.gl/fbAQLP

exports[`<SaveButton /> renders correctly 1`] = `
<Button
  className="Button--save"
  data-cy="save-button"
  type="button"
>
  Save
</Button>
`;
